{"level":"error","message":"❌ MongoDB connection failed: connect ECONNREFUSED 127.0.0.1:27017","timestamp":"2026-06-14 13:36:56"}
{"level":"error","message":"❌ MongoDB connection failed: connect ECONNREFUSED 127.0.0.1:27017","timestamp":"2026-06-14 13:37:47"}
{"level":"info","message":"✅ MongoDB connected successfully via Mongoose","timestamp":"2026-06-14 13:44:19"}
{"level":"info","message":"✅ Redis connected","timestamp":"2026-06-14 13:44:19"}
{"level":"info","message":"Socket.IO Redis Adapter configured successfully","timestamp":"2026-06-14 13:44:19"}
{"level":"info","message":"⏰ Cronjob expire hải sản tươi đã khởi động (mỗi giờ)","timestamp":"2026-06-14 13:44:19"}
{"level":"info","message":"\n🚀 Server is running on http://localhost:5000","timestamp":"2026-06-14 13:44:19"}
{"level":"info","message":"🔒 Helmet + CSRF + Cookie-based JWT Enabled","timestamp":"2026-06-14 13:44:19"}
{"level":"info","message":"📡 Socket.IO server is ready (cookie-based handshake)","timestamp":"2026-06-14 13:44:19"}
{"level":"info","message":"🗄️  Active Database: MongoDB (NoSQL)\n","timestamp":"2026-06-14 13:44:19"}
{"level":"info","message":"[CRON] Khóa phân tán được thiết lập thành công. Tiến hành hết hạn hải sản tươi...","timestamp":"2026-06-14 13:44:19"}
{"level":"info","message":"⏰ [CRON] Đã hết hạn 4 bài hải sản tươi","timestamp":"2026-06-14 13:44:19"}
{"level":"info","message":"HTTP Request: GET / - Status: 301 - Duration: 5ms - IP: ::1","timestamp":"2026-06-14 13:45:01"}
{"level":"info","message":"HTTP Request: GET / - Status: 200 - Duration: 3ms - IP: ::1","timestamp":"2026-06-14 13:45:01"}
{"level":"info","message":"HTTP Request: GET /swagger-ui-init.js - Status: 200 - Duration: 0ms - IP: ::1","timestamp":"2026-06-14 13:45:01"}
{"level":"info","message":"HTTP Request: GET /swagger-ui.css - Status: 200 - Duration: 11ms - IP: ::1","timestamp":"2026-06-14 13:45:01"}
{"level":"info","message":"HTTP Request: GET /swagger-ui-standalone-preset.js - Status: 200 - Duration: 10ms - IP: ::1","timestamp":"2026-06-14 13:45:01"}
{"level":"info","message":"HTTP Request: GET /swagger-ui-bundle.js - Status: 200 - Duration: 24ms - IP: ::1","timestamp":"2026-06-14 13:45:01"}
{"level":"info","message":"HTTP Request: GET /favicon-32x32.png - Status: 200 - Duration: 2ms - IP: ::1","timestamp":"2026-06-14 13:45:01"}
{"level":"info","message":"HTTP Request: GET /?distance=10 - Status: 200 - Duration: 65ms - IP: ::1","timestamp":"2026-06-14 13:45:18"}
{"level":"info","message":"HTTP Request: POST /products - Status: 403 - Duration: 2ms - IP: ::1","timestamp":"2026-06-14 13:45:48"}
{"level":"info","message":"✅ MongoDB connected successfully via Mongoose","timestamp":"2026-06-14 14:01:20"}
{"level":"info","message":"✅ Redis connected","timestamp":"2026-06-14 14:01:20"}
{"level":"info","message":"Socket.IO Redis Adapter configured successfully","timestamp":"2026-06-14 14:01:20"}
{"level":"info","message":"⏰ Cronjob expire hải sản tươi đã khởi động (mỗi giờ)","timestamp":"2026-06-14 14:01:20"}
{"level":"info","message":"\n🚀 Server is running on http://localhost:5000","timestamp":"2026-06-14 14:01:20"}
{"level":"info","message":"🔒 Helmet + CSRF + Cookie-based JWT Enabled","timestamp":"2026-06-14 14:01:20"}
{"level":"info","message":"📡 Socket.IO server is ready (cookie-based handshake)","timestamp":"2026-06-14 14:01:20"}
{"level":"info","message":"🗄️  Active Database: MongoDB (NoSQL)\n","timestamp":"2026-06-14 14:01:20"}
{"level":"warn","message":"Received SIGINT. Starting Graceful Shutdown...","timestamp":"2026-06-14 14:01:26"}
{"level":"info","message":"✅ MongoDB connected successfully via Mongoose","timestamp":"2026-06-14 15:04:15"}
{"level":"info","message":"✅ Redis connected","timestamp":"2026-06-14 15:04:15"}
{"level":"info","message":"Socket.IO Redis Adapter configured successfully","timestamp":"2026-06-14 15:04:15"}
{"level":"info","message":"⏰ Cronjob expire hải sản tươi đã khởi động (mỗi giờ)","timestamp":"2026-06-14 15:04:15"}
{"level":"info","message":"\n🚀 Server is running on http://localhost:5000","timestamp":"2026-06-14 15:04:15"}
{"level":"info","message":"🔒 Helmet + CSRF + Cookie-based JWT Enabled","timestamp":"2026-06-14 15:04:15"}
{"level":"info","message":"📡 Socket.IO server is ready (cookie-based handshake)","timestamp":"2026-06-14 15:04:15"}
{"level":"info","message":"🗄️  Active Database: MongoDB (NoSQL)\n","timestamp":"2026-06-14 15:04:15"}
{"level":"info","message":"[CRON] Khóa phân tán được thiết lập thành công. Tiến hành hết hạn hải sản tươi...","timestamp":"2026-06-14 15:04:15"}
{"level":"info","message":"HTTP Request: GET / - Status: 301 - Duration: 2ms - IP: ::1","timestamp":"2026-06-14 15:04:31"}
{"level":"info","message":"HTTP Request: GET / - Status: 200 - Duration: 2ms - IP: ::1","timestamp":"2026-06-14 15:04:31"}
{"level":"info","message":"HTTP Request: GET /swagger-ui-init.js - Status: 200 - Duration: 0ms - IP: ::1","timestamp":"2026-06-14 15:04:31"}
{"level":"info","message":"HTTP Request: GET /swagger-ui.css - Status: 200 - Duration: 9ms - IP: ::1","timestamp":"2026-06-14 15:04:31"}
{"level":"info","message":"HTTP Request: GET /swagger-ui-standalone-preset.js - Status: 200 - Duration: 8ms - IP: ::1","timestamp":"2026-06-14 15:04:31"}
{"level":"info","message":"HTTP Request: GET /swagger-ui-bundle.js - Status: 200 - Duration: 15ms - IP: ::1","timestamp":"2026-06-14 15:04:31"}
{"level":"info","message":"HTTP Request: GET /favicon-32x32.png - Status: 200 - Duration: 1ms - IP: ::1","timestamp":"2026-06-14 15:04:31"}
{"level":"info","message":"✅ MongoDB connected successfully via Mongoose","timestamp":"2026-06-14 15:05:38"}
{"level":"info","message":"✅ Redis connected","timestamp":"2026-06-14 15:05:38"}
{"level":"info","message":"Socket.IO Redis Adapter configured successfully","timestamp":"2026-06-14 15:05:38"}
{"level":"info","message":"⏰ Cronjob expire hải sản tươi đã khởi động (mỗi giờ)","timestamp":"2026-06-14 15:05:38"}
{"level":"info","message":"\n🚀 Server is running on http://localhost:5000","timestamp":"2026-06-14 15:05:38"}
{"level":"info","message":"🔒 Helmet + CSRF + Cookie-based JWT Enabled","timestamp":"2026-06-14 15:05:38"}
{"level":"info","message":"📡 Socket.IO server is ready (cookie-based handshake)","timestamp":"2026-06-14 15:05:38"}
{"level":"info","message":"🗄️  Active Database: MongoDB (NoSQL)\n","timestamp":"2026-06-14 15:05:38"}
{"level":"info","message":"✅ MongoDB connected successfully via Mongoose","timestamp":"2026-06-14 15:11:25"}
{"level":"info","message":"✅ Redis connected","timestamp":"2026-06-14 15:11:25"}
{"level":"info","message":"Socket.IO Redis Adapter configured successfully","timestamp":"2026-06-14 15:11:25"}
{"level":"info","message":"⏰ Cronjob expire hải sản tươi đã khởi động (mỗi giờ)","timestamp":"2026-06-14 15:11:25"}
{"level":"info","message":"\n🚀 Server is running on http://localhost:5000","timestamp":"2026-06-14 15:11:25"}
{"level":"info","message":"🔒 Helmet + CSRF + Cookie-based JWT Enabled","timestamp":"2026-06-14 15:11:25"}
{"level":"info","message":"📡 Socket.IO server is ready (cookie-based handshake)","timestamp":"2026-06-14 15:11:25"}
{"level":"info","message":"🗄️  Active Database: MongoDB (NoSQL)\n","timestamp":"2026-06-14 15:11:25"}
{"level":"info","message":"HTTP Request: GET / - Status: 304 - Duration: 4ms - IP: ::1","timestamp":"2026-06-14 15:11:37"}
{"level":"info","message":"HTTP Request: GET /swagger-ui.css - Status: 304 - Duration: 2ms - IP: ::1","timestamp":"2026-06-14 15:11:37"}
{"level":"info","message":"HTTP Request: GET /swagger-ui-bundle.js - Status: 304 - Duration: 1ms - IP: ::1","timestamp":"2026-06-14 15:11:37"}
{"level":"info","message":"HTTP Request: GET /swagger-ui-standalone-preset.js - Status: 304 - Duration: 1ms - IP: ::1","timestamp":"2026-06-14 15:11:37"}
{"level":"info","message":"HTTP Request: GET /swagger-ui-init.js - Status: 200 - Duration: 2ms - IP: ::1","timestamp":"2026-06-14 15:11:37"}
{"level":"info","message":"✅ MongoDB connected successfully via Mongoose","timestamp":"2026-06-14 16:29:39"}
{"level":"info","message":"✅ Redis connected","timestamp":"2026-06-14 16:29:39"}
{"level":"info","message":"Socket.IO Redis Adapter configured successfully","timestamp":"2026-06-14 16:29:39"}
{"level":"info","message":"⏰ Cronjob expire hải sản tươi đã khởi động (mỗi giờ)","timestamp":"2026-06-14 16:29:39"}
{"level":"info","message":"\n🚀 Server is running on http://localhost:5000","timestamp":"2026-06-14 16:29:39"}
{"level":"info","message":"🔒 Helmet + CSRF + Cookie-based JWT Enabled","timestamp":"2026-06-14 16:29:39"}
{"level":"info","message":"📡 Socket.IO server is ready (cookie-based handshake)","timestamp":"2026-06-14 16:29:39"}
{"level":"info","message":"🗄️  Active Database: MongoDB (NoSQL)\n","timestamp":"2026-06-14 16:29:39"}
{"level":"info","message":"[CRON] Khóa phân tán được thiết lập thành công. Tiến hành hết hạn hải sản tươi...","timestamp":"2026-06-14 16:29:39"}
{"level":"info","message":"HTTP Request: GET /me - Status: 401 - Duration: 7ms - IP: ::1","timestamp":"2026-06-14 16:29:52"}
{"level":"info","message":"HTTP Request: GET /me - Status: 401 - Duration: 1ms - IP: ::1","timestamp":"2026-06-14 16:29:52"}
{"level":"info","message":"HTTP Request: POST /refresh - Status: 401 - Duration: 1ms - IP: ::1","timestamp":"2026-06-14 16:29:52"}
{"level":"info","message":"HTTP Request: GET /?limit=20 - Status: 304 - Duration: 71ms - IP: ::1","timestamp":"2026-06-14 16:29:52"}
{"level":"info","message":"HTTP Request: GET /?limit=17&hasActive=true - Status: 200 - Duration: 86ms - IP: ::1","timestamp":"2026-06-14 16:29:52"}
{"level":"info","message":"HTTP Request: GET /?limit=20 - Status: 304 - Duration: 3ms - IP: ::1","timestamp":"2026-06-14 16:29:52"}
{"level":"info","message":"HTTP Request: GET /fishermen/leaderboard - Status: 200 - Duration: 14ms - IP: ::1","timestamp":"2026-06-14 16:29:52"}
{"level":"info","message":"HTTP Request: GET /fishermen/leaderboard - Status: 304 - Duration: 8ms - IP: ::1","timestamp":"2026-06-14 16:29:52"}
{"level":"info","message":"HTTP Request: GET /me - Status: 401 - Duration: 1ms - IP: ::1","timestamp":"2026-06-14 16:29:56"}
{"level":"info","message":"HTTP Request: GET /me - Status: 401 - Duration: 0ms - IP: ::1","timestamp":"2026-06-14 16:29:56"}
{"level":"info","message":"HTTP Request: POST /refresh - Status: 401 - Duration: 1ms - IP: ::1","timestamp":"2026-06-14 16:29:56"}
{"level":"info","message":"HTTP Request: GET /?limit=20 - Status: 200 - Duration: 13ms - IP: ::1","timestamp":"2026-06-14 16:29:56"}
{"level":"info","message":"HTTP Request: GET /?limit=20 - Status: 304 - Duration: 8ms - IP: ::1","timestamp":"2026-06-14 16:29:56"}
{"level":"info","message":"HTTP Request: GET /?limit=17&hasActive=true - Status: 200 - Duration: 33ms - IP: ::1","timestamp":"2026-06-14 16:29:56"}
{"level":"info","message":"HTTP Request: GET /?limit=17&hasActive=true - Status: 304 - Duration: 15ms - IP: ::1","timestamp":"2026-06-14 16:29:56"}
{"level":"info","message":"HTTP Request: GET /fishermen/leaderboard - Status: 200 - Duration: 15ms - IP: ::1","timestamp":"2026-06-14 16:29:56"}
{"level":"info","message":"HTTP Request: GET /fishermen/leaderboard - Status: 304 - Duration: 16ms - IP: ::1","timestamp":"2026-06-14 16:29:56"}
{"level":"info","message":"HTTP Request: GET /?type=Fresh&page=1&limit=20&lat=15.968086748366053&lng=108.2624158877204 - Status: 200 - Duration: 42ms - IP: ::1","timestamp":"2026-06-14 16:30:00"}
{"level":"error","message":"Exception on POST /api/auth/google: Chế độ đăng nhập giả lập bị cấm hoàn toàn tại môi trường Production.","stack":"Error: Chế độ đăng nhập giả lập bị cấm hoàn toàn tại môi trường Production.\n    at GoogleAuthUseCase.execute (C:\\Users\\PC\\OneDrive\\Desktop\\sea_shop\\sea_shop\\swp391-su26-ai-audit-project-swp391_se20a04_group-06\\backend\\src\\modules\\iam\\application\\use-cases\\GoogleAuthUseCase.ts:38:15)\n    at googleAuth (C:\\Users\\PC\\OneDrive\\Desktop\\sea_shop\\sea_shop\\swp391-su26-ai-audit-project-swp391_se20a04_group-06\\backend\\src\\modules\\iam\\presentation\\http\\AuthController.ts:275:48)\n    at Layer.handle [as handle_request] (C:\\Users\\PC\\OneDrive\\Desktop\\sea_shop\\sea_shop\\swp391-su26-ai-audit-project-swp391_se20a04_group-06\\backend\\node_modules\\express\\lib\\router\\layer.js:95:5)\n    at next (C:\\Users\\PC\\OneDrive\\Desktop\\sea_shop\\sea_shop\\swp391-su26-ai-audit-project-swp391_se20a04_group-06\\backend\\node_modules\\express\\lib\\router\\route.js:149:13)\n    at Route.dispatch (C:\\Users\\PC\\OneDrive\\Desktop\\sea_shop\\sea_shop\\swp391-su26-ai-audit-project-swp391_se20a04_group-06\\backend\\node_modules\\express\\lib\\router\\route.js:119:3)\n    at Layer.handle [as handle_request] (C:\\Users\\PC\\OneDrive\\Desktop\\sea_shop\\sea_shop\\swp391-su26-ai-audit-project-swp391_se20a04_group-06\\backend\\node_modules\\express\\lib\\router\\layer.js:95:5)\n    at C:\\Users\\PC\\OneDrive\\Desktop\\sea_shop\\sea_shop\\swp391-su26-ai-audit-project-swp391_se20a04_group-06\\backend\\node_modules\\express\\lib\\router\\index.js:284:15\n    at router.process_params (C:\\Users\\PC\\OneDrive\\Desktop\\sea_shop\\sea_shop\\swp391-su26-ai-audit-project-swp391_se20a04_group-06\\backend\\node_modules\\express\\lib\\router\\index.js:346:12)\n    at next (C:\\Users\\PC\\OneDrive\\Desktop\\sea_shop\\sea_shop\\swp391-su26-ai-audit-project-swp391_se20a04_group-06\\backend\\node_modules\\express\\lib\\router\\index.js:280:10)\n    at router.handle (C:\\Users\\PC\\OneDrive\\Desktop\\sea_shop\\sea_shop\\swp391-su26-ai-audit-project-swp391_se20a04_group-06\\backend\\node_modules\\express\\lib\\router\\index.js:175:3)","timestamp":"2026-06-14 16:30:07"}
{"level":"info","message":"HTTP Request: POST /api/auth/google - Status: 400 - Duration: 21ms - IP: ::1","timestamp":"2026-06-14 16:30:07"}
{"level":"error","message":"Exception on POST /api/auth/google: Chế độ đăng nhập giả lập bị cấm hoàn toàn tại môi trường Production.","stack":"Error: Chế độ đăng nhập giả lập bị cấm hoàn toàn tại môi trường Production.\n    at GoogleAuthUseCase.execute (C:\\Users\\PC\\OneDrive\\Desktop\\sea_shop\\sea_shop\\swp391-su26-ai-audit-project-swp391_se20a04_group-06\\backend\\src\\modules\\iam\\application\\use-cases\\GoogleAuthUseCase.ts:38:15)\n    at googleAuth (C:\\Users\\PC\\OneDrive\\Desktop\\sea_shop\\sea_shop\\swp391-su26-ai-audit-project-swp391_se20a04_group-06\\backend\\src\\modules\\iam\\presentation\\http\\AuthController.ts:275:48)\n    at Layer.handle [as handle_request] (C:\\Users\\PC\\OneDrive\\Desktop\\sea_shop\\sea_shop\\swp391-su26-ai-audit-project-swp391_se20a04_group-06\\backend\\node_modules\\express\\lib\\router\\layer.js:95:5)\n    at next (C:\\Users\\PC\\OneDrive\\Desktop\\sea_shop\\sea_shop\\swp391-su26-ai-audit-project-swp391_se20a04_group-06\\backend\\node_modules\\express\\lib\\router\\route.js:149:13)\n    at Route.dispatch (C:\\Users\\PC\\OneDrive\\Desktop\\sea_shop\\sea_shop\\swp391-su26-ai-audit-project-swp391_se20a04_group-06\\backend\\node_modules\\express\\lib\\router\\route.js:119:3)\n    at Layer.handle [as handle_request] (C:\\Users\\PC\\OneDrive\\Desktop\\sea_shop\\sea_shop\\swp391-su26-ai-audit-project-swp391_se20a04_group-06\\backend\\node_modules\\express\\lib\\router\\layer.js:95:5)\n    at C:\\Users\\PC\\OneDrive\\Desktop\\sea_shop\\sea_shop\\swp391-su26-ai-audit-project-swp391_se20a04_group-06\\backend\\node_modules\\express\\lib\\router\\index.js:284:15\n    at router.process_params (C:\\Users\\PC\\OneDrive\\Desktop\\sea_shop\\sea_shop\\swp391-su26-ai-audit-project-swp391_se20a04_group-06\\backend\\node_modules\\express\\lib\\router\\index.js:346:12)\n    at next (C:\\Users\\PC\\OneDrive\\Desktop\\sea_shop\\sea_shop\\swp391-su26-ai-audit-project-swp391_se20a04_group-06\\backend\\node_modules\\express\\lib\\router\\index.js:280:10)\n    at router.handle (C:\\Users\\PC\\OneDrive\\Desktop\\sea_shop\\sea_shop\\swp391-su26-ai-audit-project-swp391_se20a04_group-06\\backend\\node_modules\\express\\lib\\router\\index.js:175:3)","timestamp":"2026-06-14 16:30:10"}
{"level":"info","message":"HTTP Request: POST /api/auth/google - Status: 400 - Duration: 3ms - IP: ::1","timestamp":"2026-06-14 16:30:10"}
{"level":"error","message":"Exception on POST /api/auth/google: Chế độ đăng nhập giả lập bị cấm hoàn toàn tại môi trường Production.","stack":"Error: Chế độ đăng nhập giả lập bị cấm hoàn toàn tại môi trường Production.\n    at GoogleAuthUseCase.execute (C:\\Users\\PC\\OneDrive\\Desktop\\sea_shop\\sea_shop\\swp391-su26-ai-audit-project-swp391_se20a04_group-06\\backend\\src\\modules\\iam\\application\\use-cases\\GoogleAuthUseCase.ts:38:15)\n    at googleAuth (C:\\Users\\PC\\OneDrive\\Desktop\\sea_shop\\sea_shop\\swp391-su26-ai-audit-project-swp391_se20a04_group-06\\backend\\src\\modules\\iam\\presentation\\http\\AuthController.ts:275:48)\n    at Layer.handle [as handle_request] (C:\\Users\\PC\\OneDrive\\Desktop\\sea_shop\\sea_shop\\swp391-su26-ai-audit-project-swp391_se20a04_group-06\\backend\\node_modules\\express\\lib\\router\\layer.js:95:5)\n    at next (C:\\Users\\PC\\OneDrive\\Desktop\\sea_shop\\sea_shop\\swp391-su26-ai-audit-project-swp391_se20a04_group-06\\backend\\node_modules\\express\\lib\\router\\route.js:149:13)\n    at Route.dispatch (C:\\Users\\PC\\OneDrive\\Desktop\\sea_shop\\sea_shop\\swp391-su26-ai-audit-project-swp391_se20a04_group-06\\backend\\node_modules\\express\\lib\\router\\route.js:119:3)\n    at Layer.handle [as handle_request] (C:\\Users\\PC\\OneDrive\\Desktop\\sea_shop\\sea_shop\\swp391-su26-ai-audit-project-swp391_se20a04_group-06\\backend\\node_modules\\express\\lib\\router\\layer.js:95:5)\n    at C:\\Users\\PC\\OneDrive\\Desktop\\sea_shop\\sea_shop\\swp391-su26-ai-audit-project-swp391_se20a04_group-06\\backend\\node_modules\\express\\lib\\router\\index.js:284:15\n    at router.process_params (C:\\Users\\PC\\OneDrive\\Desktop\\sea_shop\\sea_shop\\swp391-su26-ai-audit-project-swp391_se20a04_group-06\\backend\\node_modules\\express\\lib\\router\\index.js:346:12)\n    at next (C:\\Users\\PC\\OneDrive\\Desktop\\sea_shop\\sea_shop\\swp391-su26-ai-audit-project-swp391_se20a04_group-06\\backend\\node_modules\\express\\lib\\router\\index.js:280:10)\n    at router.handle (C:\\Users\\PC\\OneDrive\\Desktop\\sea_shop\\sea_shop\\swp391-su26-ai-audit-project-swp391_se20a04_group-06\\backend\\node_modules\\express\\lib\\router\\index.js:175:3)","timestamp":"2026-06-14 16:30:17"}
{"level":"info","message":"HTTP Request: POST /api/auth/google - Status: 400 - Duration: 3ms - IP: ::1","timestamp":"2026-06-14 16:30:17"}
{"level":"error","message":"Exception on POST /api/auth/google: Chế độ đăng nhập giả lập bị cấm hoàn toàn tại môi trường Production.","stack":"Error: Chế độ đăng nhập giả lập bị cấm hoàn toàn tại môi trường Production.\n    at GoogleAuthUseCase.execute (C:\\Users\\PC\\OneDrive\\Desktop\\sea_shop\\sea_shop\\swp391-su26-ai-audit-project-swp391_se20a04_group-06\\backend\\src\\modules\\iam\\application\\use-cases\\GoogleAuthUseCase.ts:38:15)\n    at googleAuth (C:\\Users\\PC\\OneDrive\\Desktop\\sea_shop\\sea_shop\\swp391-su26-ai-audit-project-swp391_se20a04_group-06\\backend\\src\\modules\\iam\\presentation\\http\\AuthController.ts:275:48)\n    at Layer.handle [as handle_request] (C:\\Users\\PC\\OneDrive\\Desktop\\sea_shop\\sea_shop\\swp391-su26-ai-audit-project-swp391_se20a04_group-06\\backend\\node_modules\\express\\lib\\router\\layer.js:95:5)\n    at next (C:\\Users\\PC\\OneDrive\\Desktop\\sea_shop\\sea_shop\\swp391-su26-ai-audit-project-swp391_se20a04_group-06\\backend\\node_modules\\express\\lib\\router\\route.js:149:13)\n    at Route.dispatch (C:\\Users\\PC\\OneDrive\\Desktop\\sea_shop\\sea_shop\\swp391-su26-ai-audit-project-swp391_se20a04_group-06\\backend\\node_modules\\express\\lib\\router\\route.js:119:3)\n    at Layer.handle [as handle_request] (C:\\Users\\PC\\OneDrive\\Desktop\\sea_shop\\sea_shop\\swp391-su26-ai-audit-project-swp391_se20a04_group-06\\backend\\node_modules\\express\\lib\\router\\layer.js:95:5)\n    at C:\\Users\\PC\\OneDrive\\Desktop\\sea_shop\\sea_shop\\swp391-su26-ai-audit-project-swp391_se20a04_group-06\\backend\\node_modules\\express\\lib\\router\\index.js:284:15\n    at router.process_params (C:\\Users\\PC\\OneDrive\\Desktop\\sea_shop\\sea_shop\\swp391-su26-ai-audit-project-swp391_se20a04_group-06\\backend\\node_modules\\express\\lib\\router\\index.js:346:12)\n    at next (C:\\Users\\PC\\OneDrive\\Desktop\\sea_shop\\sea_shop\\swp391-su26-ai-audit-project-swp391_se20a04_group-06\\backend\\node_modules\\express\\lib\\router\\index.js:280:10)\n    at router.handle (C:\\Users\\PC\\OneDrive\\Desktop\\sea_shop\\sea_shop\\swp391-su26-ai-audit-project-swp391_se20a04_group-06\\backend\\node_modules\\express\\lib\\router\\index.js:175:3)","timestamp":"2026-06-14 16:30:20"}
{"level":"info","message":"HTTP Request: POST /api/auth/google - Status: 400 - Duration: 6ms - IP: ::1","timestamp":"2026-06-14 16:30:20"}
{"level":"error","message":"Exception on POST /api/auth/google: Chế độ đăng nhập giả lập bị cấm hoàn toàn tại môi trường Production.","stack":"Error: Chế độ đăng nhập giả lập bị cấm hoàn toàn tại môi trường Production.\n    at GoogleAuthUseCase.execute (C:\\Users\\PC\\OneDrive\\Desktop\\sea_shop\\sea_shop\\swp391-su26-ai-audit-project-swp391_se20a04_group-06\\backend\\src\\modules\\iam\\application\\use-cases\\GoogleAuthUseCase.ts:38:15)\n    at googleAuth (C:\\Users\\PC\\OneDrive\\Desktop\\sea_shop\\sea_shop\\swp391-su26-ai-audit-project-swp391_se20a04_group-06\\backend\\src\\modules\\iam\\presentation\\http\\AuthController.ts:275:48)\n    at Layer.handle [as handle_request] (C:\\Users\\PC\\OneDrive\\Desktop\\sea_shop\\sea_shop\\swp391-su26-ai-audit-project-swp391_se20a04_group-06\\backend\\node_modules\\express\\lib\\router\\layer.js:95:5)\n    at next (C:\\Users\\PC\\OneDrive\\Desktop\\sea_shop\\sea_shop\\swp391-su26-ai-audit-project-swp391_se20a04_group-06\\backend\\node_modules\\express\\lib\\router\\route.js:149:13)\n    at Route.dispatch (C:\\Users\\PC\\OneDrive\\Desktop\\sea_shop\\sea_shop\\swp391-su26-ai-audit-project-swp391_se20a04_group-06\\backend\\node_modules\\express\\lib\\router\\route.js:119:3)\n    at Layer.handle [as handle_request] (C:\\Users\\PC\\OneDrive\\Desktop\\sea_shop\\sea_shop\\swp391-su26-ai-audit-project-swp391_se20a04_group-06\\backend\\node_modules\\express\\lib\\router\\layer.js:95:5)\n    at C:\\Users\\PC\\OneDrive\\Desktop\\sea_shop\\sea_shop\\swp391-su26-ai-audit-project-swp391_se20a04_group-06\\backend\\node_modules\\express\\lib\\router\\index.js:284:15\n    at router.process_params (C:\\Users\\PC\\OneDrive\\Desktop\\sea_shop\\sea_shop\\swp391-su26-ai-audit-project-swp391_se20a04_group-06\\backend\\node_modules\\express\\lib\\router\\index.js:346:12)\n    at next (C:\\Users\\PC\\OneDrive\\Desktop\\sea_shop\\sea_shop\\swp391-su26-ai-audit-project-swp391_se20a04_group-06\\backend\\node_modules\\express\\lib\\router\\index.js:280:10)\n    at router.handle (C:\\Users\\PC\\OneDrive\\Desktop\\sea_shop\\sea_shop\\swp391-su26-ai-audit-project-swp391_se20a04_group-06\\backend\\node_modules\\express\\lib\\router\\index.js:175:3)","timestamp":"2026-06-14 16:30:21"}
{"level":"info","message":"HTTP Request: POST /api/auth/google - Status: 400 - Duration: 4ms - IP: ::1","timestamp":"2026-06-14 16:30:21"}
{"level":"error","message":"Exception on POST /api/auth/google: Chế độ đăng nhập giả lập bị cấm hoàn toàn tại môi trường Production.","stack":"Error: Chế độ đăng nhập giả lập bị cấm hoàn toàn tại môi trường Production.\n    at GoogleAuthUseCase.execute (C:\\Users\\PC\\OneDrive\\Desktop\\sea_shop\\sea_shop\\swp391-su26-ai-audit-project-swp391_se20a04_group-06\\backend\\src\\modules\\iam\\application\\use-cases\\GoogleAuthUseCase.ts:38:15)\n    at googleAuth (C:\\Users\\PC\\OneDrive\\Desktop\\sea_shop\\sea_shop\\swp391-su26-ai-audit-project-swp391_se20a04_group-06\\backend\\src\\modules\\iam\\presentation\\http\\AuthController.ts:275:48)\n    at Layer.handle [as handle_request] (C:\\Users\\PC\\OneDrive\\Desktop\\sea_shop\\sea_shop\\swp391-su26-ai-audit-project-swp391_se20a04_group-06\\backend\\node_modules\\express\\lib\\router\\layer.js:95:5)\n    at next (C:\\Users\\PC\\OneDrive\\Desktop\\sea_shop\\sea_shop\\swp391-su26-ai-audit-project-swp391_se20a04_group-06\\backend\\node_modules\\express\\lib\\router\\route.js:149:13)\n    at Route.dispatch (C:\\Users\\PC\\OneDrive\\Desktop\\sea_shop\\sea_shop\\swp391-su26-ai-audit-project-swp391_se20a04_group-06\\backend\\node_modules\\express\\lib\\router\\route.js:119:3)\n    at Layer.handle [as handle_request] (C:\\Users\\PC\\OneDrive\\Desktop\\sea_shop\\sea_shop\\swp391-su26-ai-audit-project-swp391_se20a04_group-06\\backend\\node_modules\\express\\lib\\router\\layer.js:95:5)\n    at C:\\Users\\PC\\OneDrive\\Desktop\\sea_shop\\sea_shop\\swp391-su26-ai-audit-project-swp391_se20a04_group-06\\backend\\node_modules\\express\\lib\\router\\index.js:284:15\n    at router.process_params (C:\\Users\\PC\\OneDrive\\Desktop\\sea_shop\\sea_shop\\swp391-su26-ai-audit-project-swp391_se20a04_group-06\\backend\\node_modules\\express\\lib\\router\\index.js:346:12)\n    at next (C:\\Users\\PC\\OneDrive\\Desktop\\sea_shop\\sea_shop\\swp391-su26-ai-audit-project-swp391_se20a04_group-06\\backend\\node_modules\\express\\lib\\router\\index.js:280:10)\n    at router.handle (C:\\Users\\PC\\OneDrive\\Desktop\\sea_shop\\sea_shop\\swp391-su26-ai-audit-project-swp391_se20a04_group-06\\backend\\node_modules\\express\\lib\\router\\index.js:175:3)","timestamp":"2026-06-14 16:30:31"}
{"level":"info","message":"HTTP Request: POST /api/auth/google - Status: 400 - Duration: 3ms - IP: ::1","timestamp":"2026-06-14 16:30:31"}
{"level":"error","message":"Exception on POST /api/auth/google: Chế độ đăng nhập giả lập bị cấm hoàn toàn tại môi trường Production.","stack":"Error: Chế độ đăng nhập giả lập bị cấm hoàn toàn tại môi trường Production.\n    at GoogleAuthUseCase.execute (C:\\Users\\PC\\OneDrive\\Desktop\\sea_shop\\sea_shop\\swp391-su26-ai-audit-project-swp391_se20a04_group-06\\backend\\src\\modules\\iam\\application\\use-cases\\GoogleAuthUseCase.ts:38:15)\n    at googleAuth (C:\\Users\\PC\\OneDrive\\Desktop\\sea_shop\\sea_shop\\swp391-su26-ai-audit-project-swp391_se20a04_group-06\\backend\\src\\modules\\iam\\presentation\\http\\AuthController.ts:275:48)\n    at Layer.handle [as handle_request] (C:\\Users\\PC\\OneDrive\\Desktop\\sea_shop\\sea_shop\\swp391-su26-ai-audit-project-swp391_se20a04_group-06\\backend\\node_modules\\express\\lib\\router\\layer.js:95:5)\n    at next (C:\\Users\\PC\\OneDrive\\Desktop\\sea_shop\\sea_shop\\swp391-su26-ai-audit-project-swp391_se20a04_group-06\\backend\\node_modules\\express\\lib\\router\\route.js:149:13)\n    at Route.dispatch (C:\\Users\\PC\\OneDrive\\Desktop\\sea_shop\\sea_shop\\swp391-su26-ai-audit-project-swp391_se20a04_group-06\\backend\\node_modules\\express\\lib\\router\\route.js:119:3)\n    at Layer.handle [as handle_request] (C:\\Users\\PC\\OneDrive\\Desktop\\sea_shop\\sea_shop\\swp391-su26-ai-audit-project-swp391_se20a04_group-06\\backend\\node_modules\\express\\lib\\router\\layer.js:95:5)\n    at C:\\Users\\PC\\OneDrive\\Desktop\\sea_shop\\sea_shop\\swp391-su26-ai-audit-project-swp391_se20a04_group-06\\backend\\node_modules\\express\\lib\\router\\index.js:284:15\n    at router.process_params (C:\\Users\\PC\\OneDrive\\Desktop\\sea_shop\\sea_shop\\swp391-su26-ai-audit-project-swp391_se20a04_group-06\\backend\\node_modules\\express\\lib\\router\\index.js:346:12)\n    at next (C:\\Users\\PC\\OneDrive\\Desktop\\sea_shop\\sea_shop\\swp391-su26-ai-audit-project-swp391_se20a04_group-06\\backend\\node_modules\\express\\lib\\router\\index.js:280:10)\n    at router.handle (C:\\Users\\PC\\OneDrive\\Desktop\\sea_shop\\sea_shop\\swp391-su26-ai-audit-project-swp391_se20a04_group-06\\backend\\node_modules\\express\\lib\\router\\index.js:175:3)","timestamp":"2026-06-14 16:30:32"}
{"level":"info","message":"HTTP Request: POST /api/auth/google - Status: 400 - Duration: 10ms - IP: ::1","timestamp":"2026-06-14 16:30:32"}
{"level":"error","message":"Exception on POST /api/auth/google: Chế độ đăng nhập giả lập bị cấm hoàn toàn tại môi trường Production.","stack":"Error: Chế độ đăng nhập giả lập bị cấm hoàn toàn tại môi trường Production.\n    at GoogleAuthUseCase.execute (C:\\Users\\PC\\OneDrive\\Desktop\\sea_shop\\sea_shop\\swp391-su26-ai-audit-project-swp391_se20a04_group-06\\backend\\src\\modules\\iam\\application\\use-cases\\GoogleAuthUseCase.ts:38:15)\n    at googleAuth (C:\\Users\\PC\\OneDrive\\Desktop\\sea_shop\\sea_shop\\swp391-su26-ai-audit-project-swp391_se20a04_group-06\\backend\\src\\modules\\iam\\presentation\\http\\AuthController.ts:275:48)\n    at Layer.handle [as handle_request] (C:\\Users\\PC\\OneDrive\\Desktop\\sea_shop\\sea_shop\\swp391-su26-ai-audit-project-swp391_se20a04_group-06\\backend\\node_modules\\express\\lib\\router\\layer.js:95:5)\n    at next (C:\\Users\\PC\\OneDrive\\Desktop\\sea_shop\\sea_shop\\swp391-su26-ai-audit-project-swp391_se20a04_group-06\\backend\\node_modules\\express\\lib\\router\\route.js:149:13)\n    at Route.dispatch (C:\\Users\\PC\\OneDrive\\Desktop\\sea_shop\\sea_shop\\swp391-su26-ai-audit-project-swp391_se20a04_group-06\\backend\\node_modules\\express\\lib\\router\\route.js:119:3)\n    at Layer.handle [as handle_request] (C:\\Users\\PC\\OneDrive\\Desktop\\sea_shop\\sea_shop\\swp391-su26-ai-audit-project-swp391_se20a04_group-06\\backend\\node_modules\\express\\lib\\router\\layer.js:95:5)\n    at C:\\Users\\PC\\OneDrive\\Desktop\\sea_shop\\sea_shop\\swp391-su26-ai-audit-project-swp391_se20a04_group-06\\backend\\node_modules\\express\\lib\\router\\index.js:284:15\n    at router.process_params (C:\\Users\\PC\\OneDrive\\Desktop\\sea_shop\\sea_shop\\swp391-su26-ai-audit-project-swp391_se20a04_group-06\\backend\\node_modules\\express\\lib\\router\\index.js:346:12)\n    at next (C:\\Users\\PC\\OneDrive\\Desktop\\sea_shop\\sea_shop\\swp391-su26-ai-audit-project-swp391_se20a04_group-06\\backend\\node_modules\\express\\lib\\router\\index.js:280:10)\n    at router.handle (C:\\Users\\PC\\OneDrive\\Desktop\\sea_shop\\sea_shop\\swp391-su26-ai-audit-project-swp391_se20a04_group-06\\backend\\node_modules\\express\\lib\\router\\index.js:175:3)","timestamp":"2026-06-14 16:30:33"}
{"level":"info","message":"HTTP Request: POST /api/auth/google - Status: 400 - Duration: 3ms - IP: ::1","timestamp":"2026-06-14 16:30:33"}
{"level":"warn","message":"Received SIGINT. Starting Graceful Shutdown...","timestamp":"2026-06-14 16:31:30"}
